{
  "status": "ok",
  "pid": 20135,
  "socket": "/var/folders/44/wdkprnv125l82wnkt6dsnnvr0000gn/T/tldr-11277ce0.sock",
  "message": "Daemon started"
}
real 0.11
user 0.00
sys 0.00
            13156352  maximum resident set size
                   0  average shared memory size
                   0  average unshared data size
                   0  average unshared stack size
                1167  page reclaims
                   0  page faults
                   0  swaps
                   0  block input operations
                   0  block output operations
                   0  messages sent
                   0  messages received
                   0  signals received
                   1  voluntary context switches
                  66  involuntary context switches
            67571586  instructions retired
            29228849  cycles elapsed
             4850144  peak memory footprint
