Error: Daemon already running (PID: 19855)
real 0.01
user 0.00
sys 0.00
            12926976  maximum resident set size
                   0  average shared memory size
                   0  average unshared data size
                   0  average unshared stack size
                1076  page reclaims
                   0  page faults
                   0  swaps
                   0  block input operations
                   0  block output operations
                   1  messages sent
                   0  messages received
                   0  signals received
                   0  voluntary context switches
                  69  involuntary context switches
            63877354  instructions retired
            25039990  cycles elapsed
             4751816  peak memory footprint
