{
  "status": "ok",
  "action": "init",
  "project": "/Users/udhayakumar/Workspace/03-Parcadei-Ecosystem/tldr-code",
  "label": "com.parcadei.tldr-daemon.tldr-code-88ad1315",
  "plist_path": "/Users/udhayakumar/Library/LaunchAgents/com.parcadei.tldr-daemon.tldr-code-88ad1315.plist",
  "daemon": "running",
  "warm": "queued_or_ok",
  "logs": {
    "stdout": "/Users/udhayakumar/Library/Logs/tldr/tldr-code-88ad1315.out.log",
    "stderr": "/Users/udhayakumar/Library/Logs/tldr/tldr-code-88ad1315.err.log",
    "daemon": "/Users/udhayakumar/Workspace/03-Parcadei-Ecosystem/tldr-code/.tldr/daemon.log"
  },
  "message": "wrote .tldr/config.json"
}
real 0.84
user 0.01
sys 0.01
            13516800  maximum resident set size
                   0  average shared memory size
                   0  average unshared data size
                   0  average unshared stack size
                2226  page reclaims
                  10  page faults
                   0  swaps
                   0  block input operations
                   0  block output operations
                   1  messages sent
                   1  messages received
                   0  signals received
                   8  voluntary context switches
                 313  involuntary context switches
            83229069  instructions retired
            41109759  cycles elapsed
             4915656  peak memory footprint
